../Core/Src/main.c:80:5:main	8	static
../Core/Src/main.c:148:6:SystemClock_Config	64	static
../Core/Src/main.c:185:13:MX_ADC1_Init	24	static
../Core/Src/main.c:270:13:MX_I2C1_Init	8	static
../Core/Src/main.c:316:13:MX_DMA_Init	16	static
../Core/Src/main.c:337:13:MX_GPIO_Init	24	static
../Core/Src/main.c:358:6:HAL_I2C_SlaveTxCpltCallback	16	static
../Core/Src/main.c:363:6:HAL_I2C_ErrorCallback	16	static
../Core/Src/main.c:374:6:HAL_DMA_ErrorCallback	16	static
../Core/Src/main.c:384:6:Error_Handler	8	static,ignoring_inline_asm
